0 verbose cli C:\nvm4w122\nodejs\node.exe C:\nvm4w122\nodejs\node_modules\npm\bin\npm-cli.js
1 info using npm@11.16.0
2 info using node@v22.13.1
3 silly config load:file:C:\ProgramData\nvm122\v22.13.1\node_modules\npm\npmrc
4 silly config load:file:C:\_Dev\chatbot\aichatbot\customerservices\specs\.npmrc
5 silly config load:file:C:\Users\Huy\.npmrc
6 silly config load:file:C:\nvm4w122\nodejs\etc\npmrc
7 verbose title npm approve-scripts
8 verbose argv "approve-scripts" "--allow-scripts-pending"
9 verbose logfile logs-max:10 dir:C:\_Dev\chatbot\aichatbot\customerservices\specs\.npm-cache\_logs\2026-06-21T21_28_49_632Z-
10 verbose logfile C:\_Dev\chatbot\aichatbot\customerservices\specs\.npm-cache\_logs\2026-06-21T21_28_49_632Z-debug-0.log
11 silly logfile done cleaning log files
12 silly allow-scripts no package.json at prefix Could not read package.json: Error: ENOENT: no such file or directory, open 'C:\_Dev\chatbot\aichatbot\customerservices\specs\package.json'
13 silly packumentCache heap:4345298944 maxSize:1086324736 maxEntrySize:543162368
14 verbose cwd C:\_Dev\chatbot\aichatbot\customerservices\specs
15 verbose os Windows_NT 10.0.26100
16 verbose node v22.13.1
17 verbose npm  v11.16.0
18 verbose exit 0
19 info ok
